2026-07-21 CPRT thesis=2026-07-21 drift growth-from-consolidated-lines-segment-split-unprinted doc=10-k-segment-note bench=eval-research-ticker
2026-07-21 DUOL thesis=2026-07-21 source-acquisition shareholder-letter-never-fetched doc=earnings-letter bench=eval-research-ticker
2026-08-04 META thesis=2026-08-04 in-hand price-per-ad-by-geography-charts doc=10-q-mdna bench=eval-research-ticker
2026-08-08 APP thesis=2026-08-08 source-acquisition ir-financial-update-letter-never-fetched doc=earnings-letter bench=self-report
2026-09-01 LYFT thesis=2026-09-01 source-acquisition serveo-deal-only-in-prepared-remarks doc=earnings-letter bench=eval-research-ticker
2026-09-06 GOOG thesis=2026-08-27 in-hand token-throughput-22b-per-minute-unread doc=8-k-exhibit bench=yt:idX6GkxZXQU
2026-09-10 BBOT thesis=2026-09-10 source-acquisition resale-selling-securityholder-table-never-read doc=424b3-base-prospectus bench=kill-thesis
2026-09-11 WRB thesis=2026-09-11 source-acquisition ten-year-loss-development-triangle-never-fetched doc=10-k-financial-statement-note bench=kill-thesis
2026-09-12 OTLY thesis=2026-09-12 source-acquisition nordic-bond-exchange-quote-never-fetched doc=exchange-bond-quote bench=kill-thesis
2026-09-12 SONY thesis=2026-09-12 source-acquisition sony-ir-site-qa-transcript-pdf-blocked-both-fetch-routes doc=earnings-call-qa-transcript bench=kill-thesis
2026-09-12 CHWY thesis=2026-09-12 source-acquisition chewy-vet-care-investor-event-economic-framework-never-fetched doc=investor-day-presentation bench=kill-thesis
2026-09-12 TIMB thesis=2026-09-12 source-acquisition poste-italiane-offer-document-and-industrial-plan-for-tim-brasil-never-fetched doc=acquirer-offer-document bench=kill-thesis
2026-09-12 EAT thesis=2026-09-12 source-acquisition brinker-q4-fy26-investor-slide-deck-quartr-hosted-never-fetched doc=investor-day-presentation bench=kill-thesis
2026-09-12 ADP thesis=2026-09-12 source-acquisition fy26-policy-year-adp-indemnity-chubb-reinsurance-premium-never-fetched-blocks-clean-near-year-purchase-commitment-comparison doc=10-k-financial-statement-note bench=kill-thesis
2026-09-12 DXCM thesis=2026-09-12 source-acquisition fda-close-out-letter-for-march-2025-warning-letter-san-diego-and-mesa-never-fetched-blocks-g8-timeline-condition doc=fda-warning-letter-database-record bench=kill-thesis
2026-09-12 DXCM thesis=2026-09-12 source-acquisition dexcom-may-2026-investor-day-deck-with-numeric-2029-lrp-targets-never-fetched doc=investor-day-presentation bench=kill-thesis
2026-09-14 TBBK thesis=2026-09-14 source-acquisition tbbk-fy2025-10-k-item-1a-risk-factors-and-deposit-concentration-exceeded-webfetch-10mb-content-limit doc=10-k-risk-factors bench=kill-thesis
2026-09-14 TBBK thesis=2026-09-14 source-acquisition chime-bancorp-msa-term-and-termination-article-truncated-in-both-fetches-of-chime-10-q-exhibit-10-21 doc=material-contract-exhibit bench=kill-thesis
2026-09-16 MMYT thesis=2026-09-16 source-acquisition mmyt-fy2026-20-f-item-3d-risk-factors-and-item-6b-compensation-exceeded-webfetch-10mb-content-limit doc=20-f-risk-factors bench=kill-thesis
2026-09-17 EAT thesis=2026-09-17 source-acquisition brinker-2026-investor-day-slide-deck-and-webcast-ir-site-bot-challenge-stub-not-on-edgar-or-stockanalysis-at-run-close doc=investor-day-presentation bench=kill-thesis
2026-09-17 MGY thesis=2026-09-17 source-acquisition cme-wti-futures-settlement-page-connection-reset-forward-curve-for-2027-hedge-drag-and-strip-scenario-not-read doc=exchange-settlement-page bench=kill-thesis
2026-09-19 IVT thesis=2026-09-19 source-acquisition ivt-def-14a-filed-2026-03-19-annual-incentive-metric-definition-core-ffo-per-share-vs-aggregate-dollars-not-read doc=proxy-compensation bench=kill-thesis
2026-09-21 SAFE thesis=2026-09-21 source-acquisition safe-q2-2026-10-q-debt-obligations-note-scheduled-principal-maturities-revolver-and-commercial-paper-balances-truncated-in-both-q2-and-q1-fetches doc=10-q-debt-note bench=kill-thesis
2026-09-21 SAFE thesis=2026-09-21 source-acquisition park-hotels-master-lease-annual-rent-carrying-value-and-reverted-hotel-operating-results-not-reached-in-fy2025-10-k-or-q2-10-q-fetches doc=10-k-segment-detail bench=kill-thesis
2026-09-21 MPT thesis=2026-09-21 source-acquisition mpt-fy2025-10-k-item-1a-risk-factors-primary-doc-13-3mb-exceeded-webfetch-10mb-content-limit-second-consecutive-miss-after-2026-08-11-edgar-403 doc=10-k-risk-factors bench=kill-thesis
2026-09-21 MPT thesis=2026-09-21 source-acquisition mpt-def-14a-filed-2026-04-13-annual-incentive-metric-whether-normalized-ffo-linked-not-read doc=proxy-compensation bench=kill-thesis
2026-09-21 MPT thesis=2026-09-21 source-acquisition mpt-q2-2026-10-q-item-2-mdna-and-ex-99-2-supplemental-operator-rent-roll-cash-vs-contractual-rent-table-truncated-before-item-2 doc=10-q-mdna bench=kill-thesis
2026-09-22 PRDO thesis=2026-09-22 source-acquisition prdo-fsa-data-center-proprietary-school-90-10-revenue-percentages-institution-level-ctu-aius-usahs-studentaid-gov-timed-out-data-ed-gov-403 doc=regulator-dataset bench=kill-thesis
2026-09-22 BBIO thesis=2026-09-22 source-acquisition bbio-q2-2026-10-q-note-7-commitments-and-deferred-royalty-obligation-cap-rate-omitted-by-webfetch-extract doc=10-q-notes bench=kill-thesis
