# <YYYY-MM-DD> <video_id> <concept-slug> DEAD|DEFERRED|SALVAGED|SURVIVED gate=<n:name> [reopen=<condition>]
2026-07-26 aiFpAl3mgGk time-not-entity-split DEAD gate=2:duplication
2026-07-26 aiFpAl3mgGk leak-target-as-plumbing-test DEAD gate=2:duplication
2026-07-26 aiFpAl3mgGk graduated-leak-probe DEAD gate=2:duplication
2026-07-26 aiFpAl3mgGk probability-threshold-buy-gate DEAD gate=2:duplication
2026-07-26 aiFpAl3mgGk multi-horizon-direction-targets DEAD gate=2:duplication
2026-07-26 aiFpAl3mgGk insider-flags-as-feature DEAD gate=2:duplication
2026-07-26 aiFpAl3mgGk news-sentiment-article-count-features DEAD gate=3:source
2026-07-26 aiFpAl3mgGk lstm-daily-direction-no-edge DEAD gate=5:architecture
2026-07-26 aiFpAl3mgGk train-val-divergence-diagnostic DEAD gate=5:architecture
2026-07-26 aiFpAl3mgGk random-draw-null-distribution SURVIVED
2026-07-26 q24MVGCUr4w market-opportunity-arbitraged-away DEAD gate=1:provenance
2026-07-26 q24MVGCUr4w log-return-regression-not-binary DEAD gate=2:duplication
2026-07-26 q24MVGCUr4w no-buy-when-all-predictions-negative DEAD gate=2:duplication
2026-07-26 q24MVGCUr4w volume-based-features DEAD gate=2:duplication
2026-07-26 q24MVGCUr4w early-stopping-on-val-plateau DEAD gate=5:architecture
2026-07-26 q24MVGCUr4w tree-model-over-lstm DEAD gate=5:architecture
2026-07-26 q24MVGCUr4w best-features-are-price-derived DEAD gate=6:statistics
2026-07-26 q24MVGCUr4w evolved-random-portfolio-band DEAD gate=7:priority
2026-07-26 q24MVGCUr4w permutation-importance-attribution DEFERRED gate=6:statistics reopen=signal_outcomes.distinct_composite_date@matured>=100
2026-07-26 q24MVGCUr4w time-decay-sample-weights DEFERRED gate=6:statistics reopen=ticker_outcomes.composite_date_span_days>=365
2026-07-26 V2l7cZxUpQs uncertainty-penalized-ranking DEAD gate=2:duplication
2026-07-26 V2l7cZxUpQs accuracy-meaningless-without-base-rate DEAD gate=2:duplication
2026-07-26 V2l7cZxUpQs uncertainty-weighted-position-sizing DEAD gate=2:duplication
2026-07-26 V2l7cZxUpQs mc-dropout-uncertainty-estimate DEAD gate=5:architecture
2026-07-26 V2l7cZxUpQs three-sigma-result-claim DEAD gate=6:statistics
2026-07-26 V2l7cZxUpQs per-day-normalized-return-ranking DEAD gate=7:priority
2026-07-26 kRa3PUxNBTM daily-price-models-cannot-work-claim DEAD gate=1:provenance
2026-07-26 kRa3PUxNBTM overfitting-can-lower-not-raise-test-accuracy DEAD gate=1:provenance
2026-07-26 kRa3PUxNBTM tradable-threshold-classification-target DEAD gate=2:duplication
2026-07-26 kRa3PUxNBTM mse-rewards-predicting-the-mean DEAD gate=5:architecture
2026-07-26 kRa3PUxNBTM inference-decoupled-from-training-stride DEAD gate=5:architecture
2026-07-26 kRa3PUxNBTM data-derived-threshold-mean-plus-2sigma SALVAGED gate=6:statistics
2026-07-26 kRa3PUxNBTM data-derived-threshold-mean-plus-2sigma-salvaged DEAD gate=7:priority
2026-07-26 kRa3PUxNBTM compounding-not-linear-horizon-normalization DEAD gate=7:priority
2026-07-26 kRa3PUxNBTM independent-windows-cost-data DEAD gate=7:priority
2026-07-26 kRa3PUxNBTM overlapping-windows-inflate-validation SURVIVED
2026-07-26 1F0gYkk7YYw purged-walk-forward-splits DEAD gate=2:duplication
2026-07-26 1F0gYkk7YYw survivorship-bias-in-ticker-list DEAD gate=2:duplication
2026-07-26 1F0gYkk7YYw shuffle-train-not-validation DEAD gate=5:architecture
2026-07-26 1F0gYkk7YYw all-features-important-is-bad-sign DEAD gate=5:architecture
2026-07-26 1F0gYkk7YYw validation-auc-drift-down DEAD gate=5:architecture
2026-07-26 1F0gYkk7YYw accuracy-62pct-not-significant DEAD gate=6:statistics
2026-07-26 1F0gYkk7YYw equal-weight-universe-benchmark-not-spy SALVAGED gate=6:statistics
2026-07-26 1F0gYkk7YYw equal-weight-universe-benchmark-not-spy-salvaged SURVIVED
2026-07-26 XZwnrpSOUvU fundamentals-dont-matter-emotion-does DEAD gate=1:provenance
2026-07-26 XZwnrpSOUvU concentrated-feature-importance-diagnostic DEAD gate=1:provenance
2026-07-26 XZwnrpSOUvU vix-as-fear-input DEAD gate=2:duplication
2026-07-26 XZwnrpSOUvU sentiment-indicator-criteria DEAD gate=2:duplication
2026-07-26 XZwnrpSOUvU no-buy-signals-masquerading-as-skill DEAD gate=2:duplication
2026-07-26 XZwnrpSOUvU backtest-jump-verification-against-source DEAD gate=2:duplication
2026-07-26 XZwnrpSOUvU cnn-fear-greed-index-feature DEAD gate=3:source
2026-07-26 XZwnrpSOUvU fear-greed-sensitivity-factor DEFERRED gate=5:architecture reopen=stocks.snapshots.distinct_trading_days>=60
2026-07-26 fS86gf6E4jg politicians-beat-market-10pct-claim DEAD gate=1:provenance
2026-07-26 fS86gf6E4jg sharpe-not-applicable-here DEAD gate=1:provenance
2026-07-26 fS86gf6E4jg stock-act-45-day-lag-kills-edge DEAD gate=6:statistics
2026-07-26 fS86gf6E4jg adding-best-data-lowered-performance DEAD gate=6:statistics
2026-07-26 fS86gf6E4jg senate-disclosure-as-signal DEAD gate=7:priority
2026-07-26 fS86gf6E4jg random-portfolio-histogram-metric DEAD gate=7:priority
2026-07-26 fS86gf6E4jg report-cagr-drawdown-tradecount DEAD gate=7:priority
2026-07-26 fS86gf6E4jg log-scale-dollar-amounts DEAD gate=7:priority
2026-07-26 Lh1vrIcpJN4 daily-compounding-extrapolation DEAD gate=1:provenance
2026-07-26 Lh1vrIcpJN4 monkey-baseline-average-comparison DEAD gate=2:duplication
2026-07-26 Lh1vrIcpJN4 backtest-cannot-predict-forward DEAD gate=2:duplication
2026-07-26 Lh1vrIcpJN4 model-repeatedly-picks-same-ticker DEAD gate=2:duplication
2026-07-26 Lh1vrIcpJN4 small-universe-constrains-predictions DEAD gate=2:duplication
2026-07-26 Lh1vrIcpJN4 execution-slippage-vs-modelled-returns DEAD gate=2:duplication
2026-07-26 Lh1vrIcpJN4 one-week-sample-is-misleading DEAD gate=2:duplication
2026-07-26 Lh1vrIcpJN4 live-money-validation DEAD gate=2:duplication
2026-07-26 Lh1vrIcpJN4 monkeys-beat-ai-on-average DEAD gate=6:statistics
2026-07-26 AZ-H7Fp2cDk seasonal-oscillation-in-share-price DEAD gate=1:provenance
2026-07-26 AZ-H7Fp2cDk fourier-all-frequencies-degrades DEAD gate=2:duplication
2026-07-26 AZ-H7Fp2cDk monte-carlo-random-seed-repeatability DEAD gate=2:duplication
2026-07-26 AZ-H7Fp2cDk average-of-runs-as-performance-estimate DEAD gate=2:duplication
2026-07-26 AZ-H7Fp2cDk fourier-dominant-cycle-feature DEAD gate=6:statistics
2026-07-26 AZ-H7Fp2cDk frequency-domain-denoising DEAD gate=6:statistics
2026-07-26 AZ-H7Fp2cDk three-runs-is-not-monte-carlo DEAD gate=6:statistics
2026-07-26 t2f0vyfABdM priced-in-argument-against-famous-indicators DEAD gate=1:provenance
2026-07-26 t2f0vyfABdM fed-balance-sheet-qe-feature DEAD gate=2:duplication
2026-07-26 t2f0vyfABdM qe-too-rare-to-learn DEAD gate=2:duplication
2026-07-26 t2f0vyfABdM satellite-parking-lot-alt-data DEAD gate=3:source
2026-07-26 t2f0vyfABdM cagr-29pct-not-trusted DEAD gate=6:statistics
2026-07-26 t2f0vyfABdM adding-rates-made-it-worse DEAD gate=6:statistics
2026-07-26 t2f0vyfABdM ai-spread-narrower-than-random DEAD gate=6:statistics
2026-07-26 t2f0vyfABdM rate-change-not-level SALVAGED gate=6:statistics
2026-07-26 t2f0vyfABdM rate-change-not-level-salvaged SURVIVED
2026-07-26 TP-DfIHLb50 owner-earnings-not-net-income SALVAGED gate=5:architecture
2026-07-26 TP-DfIHLb50 owner-earnings-not-net-income-salvaged DEAD gate=7:priority
2026-07-26 TP-DfIHLb50 net-income-fcf-proxy-by-business-type DEAD gate=2:duplication
2026-07-26 TP-DfIHLb50 high-trailing-pe-not-overvaluation DEAD gate=1:provenance
2026-07-26 TP-DfIHLb50 fixed-personal-discount-rate DEAD gate=2:duplication
2026-07-26 TP-DfIHLb50 risk-in-scenarios-not-discount-rate SALVAGED gate=6:statistics
2026-07-26 TP-DfIHLb50 risk-in-scenarios-not-discount-rate-salvaged DEAD gate=2:duplication
2026-07-26 TP-DfIHLb50 exit-multiple-terminal-value DEAD gate=2:duplication
2026-07-26 TP-DfIHLb50 terminal-multiple-covaries-with-growth DEAD gate=2:duplication
2026-07-26 TP-DfIHLb50 price-equals-iv-implies-discount-rate-return DEAD gate=2:duplication
2026-07-26 TP-DfIHLb50 two-stage-growth-decay DEAD gate=2:duplication
2026-07-26 TP-DfIHLb50 verify-vendor-data-against-annual-report DEAD gate=2:duplication
2026-07-27 NLBXgSmRBgU bar-level-returns-objective DEAD gate=2:duplication
2026-07-27 NLBXgSmRBgU oos-reuse-selection-bias DEAD gate=2:duplication
2026-07-27 NLBXgSmRBgU p-value-threshold-discipline DEAD gate=2:duplication
2026-07-27 NLBXgSmRBgU bar-permutation-algorithm DEAD gate=5:architecture
2026-07-27 NLBXgSmRBgU permutation-destroys-vol-clustering DEAD gate=7:priority
2026-07-27 NLBXgSmRBgU donchian-lookback-fails-wf DEAD gate=7:priority
2026-07-27 NLBXgSmRBgU permutation-tests-for-assumptions DEAD gate=7:priority
2026-07-27 NLBXgSmRBgU insample-mcpt DEFERRED gate=7:priority reopen=signal_outcomes.distinct_composite_date@matured>=100
2026-07-27 NLBXgSmRBgU walkforward-mcpt SURVIVED
2026-07-27 NLBXgSmRBgU stable-lookback-plateau SURVIVED
2026-08-03 LvUcTBmVCXI pelosi-887-headline DEAD gate=1:provenance
2026-08-03 LvUcTBmVCXI hit-rate-vs-benchmark DEAD gate=2:duplication
2026-08-03 LvUcTBmVCXI disclosure-lag-execution DEAD gate=2:duplication
2026-08-03 LvUcTBmVCXI control-universe-test DEAD gate=2:duplication
2026-08-03 LvUcTBmVCXI copy-congress-60d-underperforms DEAD gate=4:point-in-time
2026-08-03 LvUcTBmVCXI congress-hold-until-sell-edge DEAD gate=5:architecture
2026-08-03 LvUcTBmVCXI congress-buyer-count-signal DEAD gate=5:architecture
2026-08-03 LvUcTBmVCXI washington-composite-backwards DEAD gate=6:statistics
2026-08-03 LvUcTBmVCXI lobbying-spend-signal DEAD gate=7:priority
2026-08-03 LvUcTBmVCXI federal-contract-awards-signal DEAD gate=7:priority
2026-08-06 sres2R8etKA country-risk-not-diversifiable DEAD gate=7:priority
2026-08-06 sres2R8etKA mature-market-erp-anchor DEAD gate=7:priority
2026-08-06 sres2R8etKA country-erp-scaling DEAD gate=3:source
2026-08-06 sres2R8etKA local-currency-debt-defaults DEAD gate=7:priority
2026-08-06 sres2R8etKA operations-weighted-erp SURVIVED
2026-08-06 sres2R8etKA risk-free-by-differential-inflation DEAD gate=7:priority
2026-08-06 sres2R8etKA cds-vs-ratings-cross-check DEAD gate=3:source
2026-08-06 sres2R8etKA democracy-discrete-vs-continuous-risk DEAD gate=1:provenance
2026-08-06 sres2R8etKA climate-not-yet-country-risk DEAD gate=7:priority
2026-08-06 sres2R8etKA country-life-cycle-narrative-weight DEAD gate=7:priority
2026-08-06 mTGJz2AUaeY downside-total-risk-correlation DEAD gate=1:provenance
2026-08-06 mTGJz2AUaeY pct-return-standardization DEAD gate=2:duplication
2026-08-06 mTGJz2AUaeY semideviation-downside-measure DEAD gate=7:priority
2026-08-06 mTGJz2AUaeY earnings-variance-risk DEFERRED gate=7:priority reopen=signal_outcomes.distinct_composite_date@matured>=100
2026-08-06 mTGJz2AUaeY marginal-portfolio-risk DEAD gate=7:priority
2026-08-06 mTGJz2AUaeY risk-adjusted-self-audit DEAD gate=2:duplication
2026-08-06 mTGJz2AUaeY quarterly-frequency-handicap DEAD gate=2:duplication
2026-08-06 X8rLxfoZ4JU duration-interest-rate-sensitivity DEAD gate=7:priority
2026-08-06 X8rLxfoZ4JU bond-downside-only-risk DEAD gate=7:priority
2026-08-06 X8rLxfoZ4JU default-risk-drivers DEAD gate=1:provenance
2026-08-06 X8rLxfoZ4JU ratings-track-spreads DEAD gate=7:priority
2026-08-06 X8rLxfoZ4JU spreads-time-varying DEAD gate=2:duplication
2026-08-06 X8rLxfoZ4JU synthetic-rating-from-coverage DEAD gate=7:priority
2026-08-06 X8rLxfoZ4JU cds-market-default-spread DEAD gate=3:source
2026-08-06 nc6EKMUFPcc historical-erp-standard-error DEAD gate=2:duplication
2026-08-06 nc6EKMUFPcc implied-erp-forward-looking DEAD gate=2:duplication
2026-08-06 nc6EKMUFPcc beta-not-total-risk DEAD gate=7:priority
2026-08-06 nc6EKMUFPcc beta-is-estimate-with-se DEAD gate=7:priority
2026-08-06 nc6EKMUFPcc fama-french-size-value DEFERRED gate=7:priority reopen=signal_outcomes.distinct_composite_date@matured>=100
2026-08-06 nc6EKMUFPcc factor-zoo-data-mining DEAD gate=2:duplication
2026-08-06 nc6EKMUFPcc accounting-beta DEAD gate=6:statistics
2026-08-06 nc6EKMUFPcc sector-implied-cost-of-equity DEAD gate=7:priority
2026-08-06 nc6EKMUFPcc dividends-as-certainty-equivalent DEAD gate=7:priority
2026-08-06 nc6EKMUFPcc earnings-variability-risk DEFERRED gate=7:priority reopen=signal_outcomes.distinct_composite_date@matured>=100
2026-08-17 70Dj8q_ntCg kaggle-tabular-stat DEAD gate=1:provenance
2026-08-17 70Dj8q_ntCg purge-embargo-gap DEAD gate=2:duplication
2026-08-17 70Dj8q_ntCg survivorship-biased-universe DEAD gate=2:duplication
2026-08-17 70Dj8q_ntCg selection-rule-drives-turnover DEAD gate=2:duplication
2026-08-17 70Dj8q_ntCg risk-and-cost-null DEAD gate=2:duplication
2026-08-17 70Dj8q_ntCg profit-factor-thin-ledge DEAD gate=2:duplication
2026-08-17 70Dj8q_ntCg random-buyer-spread-baseline DEAD gate=2:duplication
2026-08-17 70Dj8q_ntCg trees-beat-lstm-tabular DEAD gate=5:architecture
2026-08-17 70Dj8q_ntCg sequence-models-wrong-bias DEAD gate=5:architecture
2026-08-17 70Dj8q_ntCg leak-shows-as-dominant-feature DEAD gate=5:architecture
2026-08-17 8EXF2YOei3U berkshire-20pct-60yr DEAD gate=1:provenance
2026-08-17 8EXF2YOei3U partnership-30pct-13yr DEAD gate=1:provenance
2026-08-17 8EXF2YOei3U growth-is-part-of-value DEAD gate=1:provenance
2026-08-17 8EXF2YOei3U haircut-obscures-assumptions DEAD gate=2:duplication
2026-08-17 8EXF2YOei3U double-conservatism-misses DEAD gate=1:provenance
2026-08-17 8EXF2YOei3U quality-as-margin-of-safety SALVAGED gate=2:duplication
2026-08-17 8EXF2YOei3U quality-as-margin-of-safety-salvaged DEAD gate=7:priority
2026-08-17 8EXF2YOei3U need-vs-can-happen DEAD gate=2:duplication
2026-08-17 8EXF2YOei3U growth-persistence-base-rate DEAD gate=1:provenance
2026-08-17 8EXF2YOei3U tangential-competence DEAD gate=7:priority
2026-08-17 8EXF2YOei3U buffett-bought-google DEAD gate=1:provenance
2026-08-23 SXky7-jHYBg goldman-hitrate-50pct DEAD gate=1:provenance
2026-08-23 SXky7-jHYBg independent-bond-loss-quantiles DEAD gate=1:provenance
2026-08-23 SXky7-jHYBg opportunity-persistence-weeks DEAD gate=1:provenance
2026-08-23 SXky7-jHYBg investment-matching-principle DEAD gate=2:duplication
2026-08-23 SXky7-jHYBg default-plus-riskfree-hurdle DEAD gate=2:duplication
2026-08-23 SXky7-jHYBg sizing-conditional-on-book DEAD gate=2:duplication
2026-08-23 SXky7-jHYBg outcome-blind-single-bets DEAD gate=2:duplication
2026-08-23 SXky7-jHYBg binary-bet-wipeout-math DEAD gate=7:priority
2026-08-23 SXky7-jHYBg reverse-dcf-scenario-grid DEAD gate=7:priority
2026-08-23 SXky7-jHYBg shared-risk-factor-audit SALVAGED gate=5:architecture
2026-08-23 SXky7-jHYBg shared-risk-factor-audit-salvaged SURVIVED
2026-08-25 UjsC2sk7vVg kelly-fraction-sizing SALVAGED gate=6:statistics
2026-08-25 UjsC2sk7vVg kelly-fraction-sizing-salvaged DEFERRED gate=6:statistics reopen=signal_outcomes.distinct_composite_date@matured>=100
2026-08-25 UjsC2sk7vVg half-kelly-cap DEAD gate=2:duplication
2026-08-25 UjsC2sk7vVg coin-flip-bust-rate DEAD gate=1:provenance
2026-08-25 UjsC2sk7vVg elite-fund-20pct-ceiling DEAD gate=1:provenance
2026-08-25 UjsC2sk7vVg pfof-hidden-cost DEAD gate=2:duplication
2026-08-25 UjsC2sk7vVg options-spread-cost DEAD gate=7:priority
2026-08-25 UjsC2sk7vVg kelly-inapplicable-continuous DEAD gate=2:duplication
2026-08-25 UjsC2sk7vVg day-trader-majority-lose DEAD gate=1:provenance
2026-08-25 UjsC2sk7vVg leverage-implies-edge DEAD gate=7:priority
2026-08-25 UjsC2sk7vVg daily-return-compounding-check DEAD gate=7:priority
2026-08-25 lYmXOYbKHUI realized-corr-stress-gauge DEFERRED gate=5:architecture reopen=scorer.prices.symbols_with_ge126_rows>=500
2026-08-25 lYmXOYbKHUI corr-vix-divergence DEAD gate=6:statistics
2026-08-25 lYmXOYbKHUI stock-picking-value-inverse-corr SALVAGED gate=1:provenance
2026-08-25 lYmXOYbKHUI stock-picking-value-inverse-corr-salvaged DEFERRED gate=6:statistics reopen=scorer.v_research_filter.rows>=100
2026-08-25 lYmXOYbKHUI implied-vs-realized-corr SALVAGED gate=5:architecture
2026-08-25 lYmXOYbKHUI implied-vs-realized-corr-salvaged SURVIVED
2026-08-25 lYmXOYbKHUI index-vol-ratio-corr-proxy DEAD gate=7:priority
2026-08-25 lYmXOYbKHUI corr-is-not-drift DEAD gate=7:priority
2026-08-25 lYmXOYbKHUI index-funds-raise-corr DEAD gate=1:provenance
2026-08-25 lYmXOYbKHUI levered-etf-decay DEAD gate=1:provenance
2026-08-26 6_-Gr41Jehw multiple-implies-growth DEAD gate=2:duplication
2026-08-26 6_-Gr41Jehw mature-margin-multiple DEAD gate=7:priority
2026-08-26 6_-Gr41Jehw extend-horizon-until-gdp-growth DEAD gate=2:duplication
2026-08-26 6_-Gr41Jehw reverse-dcf-output-return DEAD gate=2:duplication
2026-08-26 6_-Gr41Jehw sensitivity-grid-returns DEAD gate=7:priority
2026-08-26 6_-Gr41Jehw zero-growth-floor-scenario DEAD gate=2:duplication
2026-08-26 6_-Gr41Jehw no-post-hoc-haircut DEAD gate=2:duplication
2026-08-26 6_-Gr41Jehw firm-hurdle-rate DEAD gate=1:provenance
2026-08-26 6_-Gr41Jehw beta-not-business-risk DEAD gate=1:provenance
2026-08-26 6_-Gr41Jehw dcf-best-for-immature DEAD gate=1:provenance
2026-09-01 sakpOjXdjuA costco-1pct-price-33pct-margin DEAD gate=1:provenance
2026-09-01 sakpOjXdjuA consumer-surplus-predicts-retention DEAD gate=1:provenance
2026-09-01 sakpOjXdjuA preference-side-analysis DEAD gate=7:priority
2026-09-01 sakpOjXdjuA strategy-response-preference-check DEAD gate=6:statistics
2026-09-01 sakpOjXdjuA competitive-set-by-preference-bundle DEAD gate=3:source
2026-09-01 sakpOjXdjuA etsy-speed-price-over-special DEAD gate=1:provenance
2026-09-01 sakpOjXdjuA sees-gift-preference-pricing-power DEAD gate=3:source
2026-09-01 sakpOjXdjuA chipotle-two-for-one-failed DEAD gate=1:provenance
2026-09-01 sakpOjXdjuA brand-marketing-as-preference-delivery DEAD gate=3:source
2026-09-01 sakpOjXdjuA leaving-surplus-is-great-business-marker DEAD gate=1:provenance
